// Jest Snapshot v1, https://goo.gl/fbAQLP

exports[`SearchBar renders correctly 1`] = `
<form>
  <input
    id="search-input"
    name="search-input"
    placeholder="Search"
    type="text"
  />
  <button
    type="submit"
  >
    Search
  </button>
</form>
`;
