// Jest Snapshot v1, https://goo.gl/fbAQLP

exports[`Blog Post renders correctly 1`] = `
<div>
  <p>
    BLOG POST (redirect successful)
  </p>
  <p>
    loading
  </p>
</div>
`;
